2026-09-25 08:00:01 INFO Application service started successfully
2026-09-25 08:00:02 DEBUG Configuration file loaded from production environment
2026-09-25 08:00:03 DEBUG Database connection pool initialized with 20 connections
2026-09-25 08:01:15 INFO User authentication service is ready
2026-09-25 08:05:42 INFO User 1045 logged in successfully
2026-09-25 08:08:09 WARNING Memory usage reached 78 percent
2026-09-25 08:10:33 DEBUG Scheduled cache cleanup started
2026-09-25 08:10:35 INFO Cache cleanup completed successfully
2026-09-25 08:15:17 ERROR Database connection timed out
2026-09-25 08:15:19 WARNING Retrying database connection attempt 1
2026-09-25 08:15:22 INFO Database connection restored
2026-09-25 08:20:04 INFO Report INV-2026-091 generated successfully
2026-09-25 08:22:48 WARNING API response time exceeded 2000 milliseconds
2026-09-25 08:25:31 ERROR Payment gateway returned status 503
2026-09-25 08:25:34 ERROR Payment gateway returned status 503
2026-09-25 08:26:10 INFO Payment request queued for retry
2026-09-25 08:30:00 DEBUG Hourly system health check started
2026-09-25 08:30:02 INFO System health check completed
2026-09-25 08:35:27 WARNING Disk usage reached 85 percent
2026-09-25 08:40:11 ERROR Unable to write temporary export file
2026-09-25 08:42:55 INFO Temporary files cleaned successfully
2026-09-25 08:45:36 CRITICAL Primary server became unavailable
2026-09-25 08:45:38 WARNING Failover to secondary server initiated
2026-09-25 08:45:45 INFO Secondary server is now active
2026-09-25 08:50:14 ERROR Database connection timed out
2026-09-25 08:50:18 INFO Database connection restored
2026-09-25 08:55:29 DEBUG Session cleanup removed 34 expired sessions
2026-09-25 09:00:00 INFO Scheduled backup started
2026-09-25 09:02:16 CRITICAL Backup storage is not responding
2026-09-25 09:02:20 ERROR Scheduled backup failed
2026-09-25 09:05:44 WARNING Administrator notification email queued
2026-09-25 09:10:08 INFO Backup storage connection restored
2026-09-25 09:10:12 INFO Scheduled backup restarted successfully
Malformed log line included to demonstrate safe invalid-line handling
